>YFL068W
atgatgcctgctaaactgcagcttgacgtactgcggaccctgcagtccagcgctcgtcatggaacgcaaa
cgctgaaaaactccaactttctcgagcgcttccacaaagaccgtatcgtcttttgcctcccattcttccc
ggcactttttctcgtcccagttcaaaaagtactgcagcacctctgtcttcgattcacgcaagttgctcca
tactttataatacaactctttgatctgccttccagacatgcggaaaacttggctcccttgcttgcctctt
gtcgaatccaatacactaattgtttctcttcttctagtaatggccaggtaccaagcataatttctctgta
tctgagagtagatctctcccctttttacgctaaaaaatttcaaataccctacagggtccccatgatatgg
ctcgatgtcttccaagtattctttgtattcctcgtcatttcgcagcattctctccacagctag
>YFL067W
atggaatctattatcctcagcattgccatctttattggcgtcctccttggcactagcgttggtgctggca
